/bin/bash: warning: setlocale: LC_ALL: cannot change locale (C.UTF-8)
sh: warning: setlocale: LC_ALL: cannot change locale (C.UTF-8)
sh: warning: setlocale: LC_ALL: cannot change locale (C.UTF-8)
sh: warning: setlocale: LC_ALL: cannot change locale (C.UTF-8)
sh: warning: setlocale: LC_ALL: cannot change locale (C.UTF-8)
sh: warning: setlocale: LC_ALL: cannot change locale (C.UTF-8)
srun: ROUTE: split_hostlist: hl=b10r4n17 tree_width 0
sh: warning: setlocale: LC_ALL: cannot change locale (C.UTF-8)
sh: warning: setlocale: LC_ALL: cannot change locale (C.UTF-8)
sh: warning: setlocale: LC_ALL: cannot change locale (C.UTF-8)
sh: warning: setlocale: LC_ALL: cannot change locale (C.UTF-8)
sh: warning: setlocale: LC_ALL: cannot change locale (C.UTF-8)
srun: ROUTE: split_hostlist: hl=b10r4n17 tree_width 0
sh: warning: setlocale: LC_ALL: cannot change locale (C.UTF-8)
sh: warning: setlocale: LC_ALL: cannot change locale (C.UTF-8)
sh: warning: setlocale: LC_ALL: cannot change locale (C.UTF-8)
sh: warning: setlocale: LC_ALL: cannot change locale (C.UTF-8)
sh: warning: setlocale: LC_ALL: cannot change locale (C.UTF-8)
srun: ROUTE: split_hostlist: hl=b10r4n17 tree_width 0
sh: warning: setlocale: LC_ALL: cannot change locale (C.UTF-8)
sh: warning: setlocale: LC_ALL: cannot change locale (C.UTF-8)
sh: warning: setlocale: LC_ALL: cannot change locale (C.UTF-8)
sh: warning: setlocale: LC_ALL: cannot change locale (C.UTF-8)
sh: warning: setlocale: LC_ALL: cannot change locale (C.UTF-8)
srun: ROUTE: split_hostlist: hl=b10r4n17 tree_width 0
sh: warning: setlocale: LC_ALL: cannot change locale (C.UTF-8)
sh: warning: setlocale: LC_ALL: cannot change locale (C.UTF-8)
sh: warning: setlocale: LC_ALL: cannot change locale (C.UTF-8)
sh: warning: setlocale: LC_ALL: cannot change locale (C.UTF-8)
sh: warning: setlocale: LC_ALL: cannot change locale (C.UTF-8)
srun: ROUTE: split_hostlist: hl=b10r4n17 tree_width 0
sh: warning: setlocale: LC_ALL: cannot change locale (C.UTF-8)
sh: warning: setlocale: LC_ALL: cannot change locale (C.UTF-8)
sh: warning: setlocale: LC_ALL: cannot change locale (C.UTF-8)
sh: warning: setlocale: LC_ALL: cannot change locale (C.UTF-8)
sh: warning: setlocale: LC_ALL: cannot change locale (C.UTF-8)
srun: ROUTE: split_hostlist: hl=b10r4n17 tree_width 0
sh: warning: setlocale: LC_ALL: cannot change locale (C.UTF-8)
sh: warning: setlocale: LC_ALL: cannot change locale (C.UTF-8)
sh: warning: setlocale: LC_ALL: cannot change locale (C.UTF-8)
sh: warning: setlocale: LC_ALL: cannot change locale (C.UTF-8)
sh: warning: setlocale: LC_ALL: cannot change locale (C.UTF-8)
srun: ROUTE: split_hostlist: hl=b10r4n17 tree_width 0
sh: warning: setlocale: LC_ALL: cannot change locale (C.UTF-8)
sh: warning: setlocale: LC_ALL: cannot change locale (C.UTF-8)
sh: warning: setlocale: LC_ALL: cannot change locale (C.UTF-8)
sh: warning: setlocale: LC_ALL: cannot change locale (C.UTF-8)
sh: warning: setlocale: LC_ALL: cannot change locale (C.UTF-8)
srun: ROUTE: split_hostlist: hl=b10r4n17 tree_width 0
sh: warning: setlocale: LC_ALL: cannot change locale (C.UTF-8)
sh: warning: setlocale: LC_ALL: cannot change locale (C.UTF-8)
sh: warning: setlocale: LC_ALL: cannot change locale (C.UTF-8)
sh: warning: setlocale: LC_ALL: cannot change locale (C.UTF-8)
sh: warning: setlocale: LC_ALL: cannot change locale (C.UTF-8)
srun: ROUTE: split_hostlist: hl=b10r4n17 tree_width 0
srun: Job step aborted: Waiting up to 32 seconds for job step to finish.
slurmstepd: error: *** STEP 41521877.8 ON b10r4n17 CANCELLED AT 2026-07-30T10:44:45 ***
slurmstepd: error: *** JOB 41521877 ON b10r4n17 CANCELLED AT 2026-07-30T10:44:45 ***
